#Sequence_Name	SSR	Repeats	Position
seq6--ACGTAC	ACGTAC	70	0
