#Sequence_Name	SSR	Repeats	Position
seq7--ACGTACG	ACGTACG	60	0
