#Sequence_Name	SSR	Repeats	Position
seq0	ACG	5	0
seq1	ACG	6	0
seq2	AT	9	0
seq3	C	18	0
