#Sequence_Name	SSR	Repeats	Position
seq1--A	A	420	0
seq2--AC	AC	210	0
seq3--ACG	ACG	140	0
seq4--ACGT	ACGT	105	0
seq5--ACGTA	ACGTA	84	0
seq6--ACGTAC	ACGTAC	70	0
seq7--ACGTACG	ACGTACG	60	0
