#Sequence_Name	SSR	Repeats	Position
seq1--A	A	420	0
seq5--ACGTA	A	2	4
seq5--ACGTA	A	2	9
seq5--ACGTA	A	2	14
seq5--ACGTA	A	2	19
seq5--ACGTA	A	2	24
seq5--ACGTA	A	2	29
seq5--ACGTA	A	2	34
seq5--ACGTA	A	2	39
seq5--ACGTA	A	2	44
seq5--ACGTA	A	2	49
seq5--ACGTA	A	2	54
seq5--ACGTA	A	2	59
seq5--ACGTA	A	2	64
seq5--ACGTA	A	2	69
seq5--ACGTA	A	2	74
seq5--ACGTA	A	2	79
seq5--ACGTA	A	2	84
seq5--ACGTA	A	2	89
seq5--ACGTA	A	2	94
seq5--ACGTA	A	2	99
seq5--ACGTA	A	2	104
seq5--ACGTA	A	2	109
seq5--ACGTA	A	2	114
seq5--ACGTA	A	2	119
seq5--ACGTA	A	2	124
seq5--ACGTA	A	2	129
seq5--ACGTA	A	2	134
seq5--ACGTA	A	2	139
seq5--ACGTA	A	2	144
seq5--ACGTA	A	2	149
seq5--ACGTA	A	2	154
seq5--ACGTA	A	2	159
seq5--ACGTA	A	2	164
seq5--ACGTA	A	2	169
seq5--ACGTA	A	2	174
seq5--ACGTA	A	2	179
seq5--ACGTA	A	2	184
seq5--ACGTA	A	2	189
seq5--ACGTA	A	2	194
seq5--ACGTA	A	2	199
seq5--ACGTA	A	2	204
seq5--ACGTA	A	2	209
seq5--ACGTA	A	2	214
seq5--ACGTA	A	2	219
seq5--ACGTA	A	2	224
seq5--ACGTA	A	2	229
seq5--ACGTA	A	2	234
seq5--ACGTA	A	2	239
seq5--ACGTA	A	2	244
seq5--ACGTA	A	2	249
seq5--ACGTA	A	2	254
seq5--ACGTA	A	2	259
seq5--ACGTA	A	2	264
seq5--ACGTA	A	2	269
seq5--ACGTA	A	2	274
seq5--ACGTA	A	2	279
seq5--ACGTA	A	2	284
seq5--ACGTA	A	2	289
seq5--ACGTA	A	2	294
seq5--ACGTA	A	2	299
seq5--ACGTA	A	2	304
seq5--ACGTA	A	2	309
seq5--ACGTA	A	2	314
seq5--ACGTA	A	2	319
seq5--ACGTA	A	2	324
seq5--ACGTA	A	2	329
seq5--ACGTA	A	2	334
seq5--ACGTA	A	2	339
seq5--ACGTA	A	2	344
seq5--ACGTA	A	2	349
seq5--ACGTA	A	2	354
seq5--ACGTA	A	2	359
seq5--ACGTA	A	2	364
seq5--ACGTA	A	2	369
seq5--ACGTA	A	2	374
seq5--ACGTA	A	2	379
seq5--ACGTA	A	2	384
seq5--ACGTA	A	2	389
seq5--ACGTA	A	2	394
seq5--ACGTA	A	2	399
seq5--ACGTA	A	2	404
seq5--ACGTA	A	2	409
seq5--ACGTA	A	2	414
