#Sequence_Name	SSR	Repeats	Position
seq2--AC	AC	210	0
seq6--ACGTAC	AC	2	4
seq6--ACGTAC	AC	2	10
seq6--ACGTAC	AC	2	16
seq6--ACGTAC	AC	2	22
seq6--ACGTAC	AC	2	28
seq6--ACGTAC	AC	2	34
seq6--ACGTAC	AC	2	40
seq6--ACGTAC	AC	2	46
seq6--ACGTAC	AC	2	52
seq6--ACGTAC	AC	2	58
seq6--ACGTAC	AC	2	64
seq6--ACGTAC	AC	2	70
seq6--ACGTAC	AC	2	76
seq6--ACGTAC	AC	2	82
seq6--ACGTAC	AC	2	88
seq6--ACGTAC	AC	2	94
seq6--ACGTAC	AC	2	100
seq6--ACGTAC	AC	2	106
seq6--ACGTAC	AC	2	112
seq6--ACGTAC	AC	2	118
seq6--ACGTAC	AC	2	124
seq6--ACGTAC	AC	2	130
seq6--ACGTAC	AC	2	136
seq6--ACGTAC	AC	2	142
seq6--ACGTAC	AC	2	148
seq6--ACGTAC	AC	2	154
seq6--ACGTAC	AC	2	160
seq6--ACGTAC	AC	2	166
seq6--ACGTAC	AC	2	172
seq6--ACGTAC	AC	2	178
seq6--ACGTAC	AC	2	184
seq6--ACGTAC	AC	2	190
seq6--ACGTAC	AC	2	196
seq6--ACGTAC	AC	2	202
seq6--ACGTAC	AC	2	208
seq6--ACGTAC	AC	2	214
seq6--ACGTAC	AC	2	220
seq6--ACGTAC	AC	2	226
seq6--ACGTAC	AC	2	232
seq6--ACGTAC	AC	2	238
seq6--ACGTAC	AC	2	244
seq6--ACGTAC	AC	2	250
seq6--ACGTAC	AC	2	256
seq6--ACGTAC	AC	2	262
seq6--ACGTAC	AC	2	268
seq6--ACGTAC	AC	2	274
seq6--ACGTAC	AC	2	280
seq6--ACGTAC	AC	2	286
seq6--ACGTAC	AC	2	292
seq6--ACGTAC	AC	2	298
seq6--ACGTAC	AC	2	304
seq6--ACGTAC	AC	2	310
seq6--ACGTAC	AC	2	316
seq6--ACGTAC	AC	2	322
seq6--ACGTAC	AC	2	328
seq6--ACGTAC	AC	2	334
seq6--ACGTAC	AC	2	340
seq6--ACGTAC	AC	2	346
seq6--ACGTAC	AC	2	352
seq6--ACGTAC	AC	2	358
seq6--ACGTAC	AC	2	364
seq6--ACGTAC	AC	2	370
seq6--ACGTAC	AC	2	376
seq6--ACGTAC	AC	2	382
seq6--ACGTAC	AC	2	388
seq6--ACGTAC	AC	2	394
seq6--ACGTAC	AC	2	400
seq6--ACGTAC	AC	2	406
seq6--ACGTAC	AC	2	412
