#Sequence_Name	SSR	Repeats	Position
seq3--ACG	ACG	140	0
seq7--ACGTACG	ACG	2	4
seq7--ACGTACG	ACG	2	11
seq7--ACGTACG	ACG	2	18
seq7--ACGTACG	ACG	2	25
seq7--ACGTACG	ACG	2	32
seq7--ACGTACG	ACG	2	39
seq7--ACGTACG	ACG	2	46
seq7--ACGTACG	ACG	2	53
seq7--ACGTACG	ACG	2	60
seq7--ACGTACG	ACG	2	67
seq7--ACGTACG	ACG	2	74
seq7--ACGTACG	ACG	2	81
seq7--ACGTACG	ACG	2	88
seq7--ACGTACG	ACG	2	95
seq7--ACGTACG	ACG	2	102
seq7--ACGTACG	ACG	2	109
seq7--ACGTACG	ACG	2	116
seq7--ACGTACG	ACG	2	123
seq7--ACGTACG	ACG	2	130
seq7--ACGTACG	ACG	2	137
seq7--ACGTACG	ACG	2	144
seq7--ACGTACG	ACG	2	151
seq7--ACGTACG	ACG	2	158
seq7--ACGTACG	ACG	2	165
seq7--ACGTACG	ACG	2	172
seq7--ACGTACG	ACG	2	179
seq7--ACGTACG	ACG	2	186
seq7--ACGTACG	ACG	2	193
seq7--ACGTACG	ACG	2	200
seq7--ACGTACG	ACG	2	207
seq7--ACGTACG	ACG	2	214
seq7--ACGTACG	ACG	2	221
seq7--ACGTACG	ACG	2	228
seq7--ACGTACG	ACG	2	235
seq7--ACGTACG	ACG	2	242
seq7--ACGTACG	ACG	2	249
seq7--ACGTACG	ACG	2	256
seq7--ACGTACG	ACG	2	263
seq7--ACGTACG	ACG	2	270
seq7--ACGTACG	ACG	2	277
seq7--ACGTACG	ACG	2	284
seq7--ACGTACG	ACG	2	291
seq7--ACGTACG	ACG	2	298
seq7--ACGTACG	ACG	2	305
seq7--ACGTACG	ACG	2	312
seq7--ACGTACG	ACG	2	319
seq7--ACGTACG	ACG	2	326
seq7--ACGTACG	ACG	2	333
seq7--ACGTACG	ACG	2	340
seq7--ACGTACG	ACG	2	347
seq7--ACGTACG	ACG	2	354
seq7--ACGTACG	ACG	2	361
seq7--ACGTACG	ACG	2	368
seq7--ACGTACG	ACG	2	375
seq7--ACGTACG	ACG	2	382
seq7--ACGTACG	ACG	2	389
seq7--ACGTACG	ACG	2	396
seq7--ACGTACG	ACG	2	403
seq7--ACGTACG	ACG	2	410
