#Sequence_Name	SSR	Repeats	Position
seq4--ACGT	ACGT	105	0
