#Sequence_Name	SSR	Repeats	Position
seq5--ACGTA	ACGTA	84	0
